
R Under development (unstable) (2011-11-27 r57757)
Copyright (C) 2011 The R Foundation for Statistical Computing
ISBN 3-900051-07-0
Platform: x86_64-apple-darwin11.0.0 (64-bit)

R is free software and comes with ABSOLUTELY NO WARRANTY.
You are welcome to redistribute it under certain conditions.
Type 'license()' or 'licence()' for distribution details.

R is a collaborative project with many contributors.
Type 'contributors()' for more information and
'citation()' on how to cite R or R packages in publications.

Type 'demo()' for some demos, 'help()' for on-line help, or
'help.start()' for an HTML browser interface to help.
Type 'q()' to quit R.

> library(XML)
> z = xmlTree()
Warning message:
In names(ans) = names(v) :
  Class 'XMLInternalDOM' has no 'names' slot; assigning a names attribute will create an invalid object
> z$addNode("r:data",  namespace = c(r = "http://www.r-project.org", omg = "http://www.omegahat.org"), close = FALSE)
Warning message:
In xmlRoot.XMLInternalDocument(currentNodes[[1]]) : empty XML document
> x = rnorm(3)
> z$addNode("r:numeric", attrs = c("omg:length" = length(x)))
> 
